
flutter : Support for Android x86 targets will be removed in the next stable release after 3.27. See 
https://github.com/flutter/flutter/issues/157543 for details.
At line:1 char:16
+ cd D:\LABCOOP; flutter build apk --debug 2>&1 | Out-File -FilePath "D ...
+                ~~~~~~~~~~~~~~~~~~~~~~~~~~~~~~
    + CategoryInfo          : NotSpecified: (Support for And...43 for details.:String) [], RemoteException
    + FullyQualifiedErrorId : NativeCommandError
 
Running Gradle task 'assembleDebug'...                          

FAILURE: Build failed with an exception.

* What went wrong:
Could not determine the dependencies of task ':flutter_plugin_android_lifecycle:compileDebugJavaWithJavac'.
> Could not determine the dependencies of null.
   > Cannot query the value of this provider because it has no value available.

* Try:
> Run with --stacktrace option to get the stack trace.
> Run with --info or --debug option to get more log output.
> Run with --scan to get full insights.
> Get more help at https://help.gradle.org.

BUILD FAILED in 9s
Running Gradle task 'assembleDebug'...                             10.2s
Gradle task assembleDebug failed with exit code 1
